// Jest Snapshot v1, https://goo.gl/fbAQLP

exports[`Test the Header component The Header renders correctly 1`] = `
<div
  className="header_wrapper"
>
  <div
    className="app_title"
  >
    <div
      className="app_logo"
    />
    <h1
      className="title"
    >
      AGILE-BOARD
    </h1>
    <p
      className="board_name"
    >
      Platform Launch
    </p>
    <div
      className="navbar"
    />
  </div>
  <div
    className="options"
  >
    <div
      className="button"
      data-testid="add-new-task-btn"
      onClick={[Function]}
    >
      <div
        className="button_icon"
      />
      <div
        className="button_text"
      >
        Add New Task
      </div>
    </div>
    <div
      className="options_icon"
      data-testid="options-icon"
      onClick={[Function]}
    />
  </div>
</div>
`;
