// Jest Snapshot v1, https://goo.gl/fbAQLP

exports[`Test the Header component The Header renders correctly 1`] = `
<div
  className="header_wrapper"
>
  <div
    className="app_title"
  >
    <div
      className="app_logo"
    />
    <h1
      className="title"
    >
      AGILE-BOARD
    </h1>
    <div
      className="board_name_container"
    >
      <p
        className="board_name"
      />
    </div>
    <div
      className="navbar"
      onClick={[Function]}
    />
  </div>
  <div
    className="options"
  >
    <div
      className="options_icon"
      data-testid="options-icon"
      onClick={[Function]}
    />
    <div
      className="user_profile"
      onClick={[Function]}
    />
    <p
      className="sign_out"
      onClick={[Function]}
    >
      Sign Out
    </p>
  </div>
</div>
`;
