// Jest Snapshot v1, https://goo.gl/fbAQLP

exports[`Test the EditBoardModal component The EditBoardModal renders correctly 1`] = `
Array [
  <div
    className="modal_wrapper"
    onClick={[Function]}
  />,
  <div
    className="modal_container"
  >
     
    <form
      action="#"
      className="form_container"
      onReset={[Function]}
      onSubmit={[Function]}
    >
      <div
        className="close_icon"
        onClick={[Function]}
      />
      <h2
        className="modal_title"
        data-testid="edit-board-modal"
      >
        Edit Board
      </h2>
      <div
        className="board_creator_container"
      >
        <p
          className="subtitle"
        >
          Board Creator
        </p>
        <p
          className="subtitle"
        />
      </div>
      <div
        className="container"
      >
        <p
          className="title"
        >
          Board name
        </p>
        <input
          autoComplete="off"
          data-testid="board-name-inpt"
          name="name"
          onBlur={[Function]}
          onChange={[Function]}
          placeholder="e.g Take coffee break"
          type="text"
          value=""
        />
      </div>
      <div
        className="container"
      >
        <p
          className="title"
        >
          Board Columns
        </p>
      </div>
      <button
        className="button"
        data-testid="add-new-column-btn"
        onClick={[Function]}
        type="button"
      >
        <div
          className="button_icon"
        />
        <div
          className="button_text"
        >
          Add New Column
        </div>
      </button>
      <div
        className="container"
      >
        <p
          className="title"
        >
          Board Members
        </p>
      </div>
      <button
        className="button"
        data-testid="add-new-member-btn"
        onClick={[Function]}
        type="button"
      >
        <div
          className="button_icon"
        />
        <div
          className="button_text"
        >
          Add New Member
        </div>
      </button>
      <button
        className="button center"
        data-testid="save-changes-btn"
        type="submit"
      >
        <div
          className="button_text"
        >
          Save Changes
        </div>
      </button>
    </form>
  </div>,
]
`;
