// Jest Snapshot v1, https://goo.gl/fbAQLP

exports[`Test the NewBoardModal component The NewBoardModal renders correctly 1`] = `
Array [
  <div
    className="modal_wrapper"
    onClick={[Function]}
  />,
  <div
    className="modal_container"
  >
     
    <h2
      className="modal_title"
      data-testid="new-board-modal"
    >
      Add New Board
    </h2>
    <div
      className="container"
    >
      <p
        className="title"
      >
        Task name
      </p>
      <input
        autoComplete="off"
        name="name"
        onChange={[Function]}
        placeholder="e.g Take coffee break"
        spellCheck={false}
        type="text"
      />
    </div>
    <div
      className="container style_container"
    >
      <p
        className="title"
      >
        Board Columns
      </p>
      <div
        className="input_container"
      >
        <input
          autoComplete="off"
          className="input_style"
          maxLength={14}
          name="columns[0].title"
          onChange={[Function]}
          placeholder="e.g Take coffee break"
          spellCheck={false}
          type="text"
        />
        <div
          className="delete_icon"
          onClick={[Function]}
        />
      </div>
      <div
        className="input_container"
      >
        <input
          autoComplete="off"
          className="input_style"
          maxLength={14}
          name="columns[1].title"
          onChange={[Function]}
          placeholder="e.g Take coffee break"
          spellCheck={false}
          type="text"
        />
        <div
          className="delete_icon"
          onClick={[Function]}
        />
      </div>
    </div>
    <div
      className="button"
      data-testid="add-new-column-btn"
      onClick={[Function]}
    >
      <div
        className="button_icon"
      />
      <div
        className="button_text"
      >
        Add New Column
      </div>
    </div>
    <div
      className="button center"
      data-testid="create-new-board-btn"
      onClick={[Function]}
    >
      <div
        className="button_text"
      >
        Create New Board
      </div>
    </div>
  </div>,
]
`;
