// Jest Snapshot v1, https://goo.gl/fbAQLP

exports[`Test the OptionsModal component The OptionsModal renders correctly 1`] = `
<div
  className="options_modal_wrapper"
  data-testid="options-modal"
>
  <p
    className="option_text edit"
    data-testid="options-edit-board"
  >
    Edit Board
  </p>
  <p
    className="option_text delete"
    data-testid="options-delete-board"
  >
    Delete Board
  </p>
</div>
`;
