// Jest Snapshot v1, https://goo.gl/fbAQLP

exports[`Test the FieldWrapper component The FieldWrapper renders correctly 1`] = `
<div
  className="container"
>
  <p
    className="title"
  >
    TestName
  </p>
</div>
`;

exports[`Test the Input component The Input renders correctly 1`] = `
<div
  className="container"
>
  <p
    className="title"
  >
    TestName
  </p>
</div>
`;
